2026-09-29 03:23:33,320 [INFO] HTTP Request: GET https://huggingface.co/api/models/urchade/gliner_mediumv2.1/revision/main "HTTP/1.1 307 Temporary Redirect"
2026-09-29 03:23:34,076 [INFO] HTTP Request: GET https://huggingface.co/api/models/urchade/gliner_medium-v2.1/revision/main "HTTP/1.1 200 OK"
2026-09-29 03:23:34,104 [INFO] Loading the following GLiNER type: <class 'gliner.model.UniEncoderSpanGLiNER'>...
2026-09-29 03:23:34,326 [INFO] HTTP Request: HEAD https://huggingface.co/microsoft/deberta-v3-base/resolve/main/config.json "HTTP/1.1 307 Temporary Redirect"
2026-09-29 03:23:34,341 [INFO] HTTP Request: HEAD https://huggingface.co/api/resolve-cache/models/microsoft/deberta-v3-base/8ccc9b6f36199bec6961081d44eb72fb3f7353f3/config.json?%2Fmicrosoft%2Fdeberta-v3-base%2Fresolve%2Fmain%2Fconfig.json=&etag=%22904b7ba900060d5ff61289fb29bee393189716c7%22 "HTTP/1.1 200 OK"
2026-09-29 03:23:34,570 [INFO] HTTP Request: HEAD https://huggingface.co/microsoft/deberta-v3-base/resolve/main/tokenizer_config.json "HTTP/1.1 307 Temporary Redirect"
2026-09-29 03:23:34,587 [INFO] HTTP Request: HEAD https://huggingface.co/api/resolve-cache/models/microsoft/deberta-v3-base/8ccc9b6f36199bec6961081d44eb72fb3f7353f3/tokenizer_config.json?%2Fmicrosoft%2Fdeberta-v3-base%2Fresolve%2Fmain%2Ftokenizer_config.json=&etag=%22acfd94e399c5659e4bed75f91b4ee24b111fc7a6%22 "HTTP/1.1 200 OK"
2026-09-29 03:23:34,819 [INFO] HTTP Request: GET https://huggingface.co/api/models/microsoft/deberta-v3-base/tree/main/additional_chat_templates?recursive=false&expand=false "HTTP/1.1 404 Not Found"
2026-09-29 03:23:35,050 [INFO] HTTP Request: GET https://huggingface.co/api/models/microsoft/deberta-v3-base/tree/main?recursive=true&expand=false "HTTP/1.1 200 OK"
2026-09-29 03:23:35,727 [INFO] HTTP Request: GET https://huggingface.co/api/models/microsoft/deberta-v3-base "HTTP/1.1 200 OK"
2026-09-29 03:23:35,967 [INFO] HTTP Request: HEAD https://huggingface.co/microsoft/deberta-v3-base/resolve/main/config.json "HTTP/1.1 307 Temporary Redirect"
2026-09-29 03:23:35,967 [WARNING] Warning: You are sending unauthenticated requests to the HF Hub. Please set a HF_TOKEN to enable higher rate limits and faster downloads.
2026-09-29 03:23:35,976 [INFO] HTTP Request: HEAD https://huggingface.co/api/resolve-cache/models/microsoft/deberta-v3-base/8ccc9b6f36199bec6961081d44eb72fb3f7353f3/config.json?%2Fmicrosoft%2Fdeberta-v3-base%2Fresolve%2Fmain%2Fconfig.json=&etag=%22904b7ba900060d5ff61289fb29bee393189716c7%22 "HTTP/1.1 200 OK"
2026-09-29 03:23:42,062 [INFO] EVENT: SYSTEM_BOOT | DETAILS: Edge node initialized successfully with hardware safeguards. | PROOF_HASH: adef6c5d794021947819fc9bc43aed62d471ad86ddbd50e9adb63311e5cada32
2026-09-29 14:56:15,407 [INFO] HTTP Request: GET https://huggingface.co/api/models/urchade/gliner_mediumv2.1/revision/main "HTTP/1.1 307 Temporary Redirect"
2026-09-29 14:56:15,713 [INFO] HTTP Request: GET https://huggingface.co/api/models/urchade/gliner_medium-v2.1/revision/main "HTTP/1.1 200 OK"
2026-09-29 14:56:15,753 [INFO] Loading the following GLiNER type: <class 'gliner.model.UniEncoderSpanGLiNER'>...
2026-09-29 14:56:16,021 [INFO] HTTP Request: HEAD https://huggingface.co/microsoft/deberta-v3-base/resolve/main/config.json "HTTP/1.1 307 Temporary Redirect"
2026-09-29 14:56:16,022 [WARNING] Warning: You are sending unauthenticated requests to the HF Hub. Please set a HF_TOKEN to enable higher rate limits and faster downloads.
2026-09-29 14:56:16,032 [INFO] HTTP Request: HEAD https://huggingface.co/api/resolve-cache/models/microsoft/deberta-v3-base/8ccc9b6f36199bec6961081d44eb72fb3f7353f3/config.json?%2Fmicrosoft%2Fdeberta-v3-base%2Fresolve%2Fmain%2Fconfig.json=&etag=%22904b7ba900060d5ff61289fb29bee393189716c7%22 "HTTP/1.1 200 OK"
2026-09-29 14:56:16,326 [INFO] HTTP Request: HEAD https://huggingface.co/microsoft/deberta-v3-base/resolve/main/tokenizer_config.json "HTTP/1.1 307 Temporary Redirect"
2026-09-29 14:56:16,338 [INFO] HTTP Request: HEAD https://huggingface.co/api/resolve-cache/models/microsoft/deberta-v3-base/8ccc9b6f36199bec6961081d44eb72fb3f7353f3/tokenizer_config.json?%2Fmicrosoft%2Fdeberta-v3-base%2Fresolve%2Fmain%2Ftokenizer_config.json=&etag=%22acfd94e399c5659e4bed75f91b4ee24b111fc7a6%22 "HTTP/1.1 200 OK"
2026-09-29 14:56:16,582 [INFO] HTTP Request: GET https://huggingface.co/api/models/microsoft/deberta-v3-base/tree/main/additional_chat_templates?recursive=false&expand=false "HTTP/1.1 404 Not Found"
2026-09-29 14:56:16,836 [INFO] HTTP Request: GET https://huggingface.co/api/models/microsoft/deberta-v3-base/tree/main?recursive=true&expand=false "HTTP/1.1 200 OK"
2026-09-29 14:56:17,351 [INFO] HTTP Request: GET https://huggingface.co/api/models/microsoft/deberta-v3-base "HTTP/1.1 200 OK"
2026-09-29 14:56:17,657 [INFO] HTTP Request: HEAD https://huggingface.co/microsoft/deberta-v3-base/resolve/main/config.json "HTTP/1.1 307 Temporary Redirect"
2026-09-29 14:56:17,670 [INFO] HTTP Request: HEAD https://huggingface.co/api/resolve-cache/models/microsoft/deberta-v3-base/8ccc9b6f36199bec6961081d44eb72fb3f7353f3/config.json?%2Fmicrosoft%2Fdeberta-v3-base%2Fresolve%2Fmain%2Fconfig.json=&etag=%22904b7ba900060d5ff61289fb29bee393189716c7%22 "HTTP/1.1 200 OK"
2026-09-29 14:56:20,625 [INFO] EVENT: SYSTEM_BOOT | DETAILS: Edge node initialized successfully with hardware safeguards. | PROOF_HASH: 9be0d95880985e317bcdf5cb1e044274a6d24f5d2193a2c9334bb57d1a9e97f7
2026-09-29 15:00:16,218 [INFO] HTTP Request: GET https://huggingface.co/api/models/urchade/gliner_mediumv2.1/revision/main "HTTP/1.1 307 Temporary Redirect"
2026-09-29 15:00:16,455 [INFO] HTTP Request: GET https://huggingface.co/api/models/urchade/gliner_medium-v2.1/revision/main "HTTP/1.1 200 OK"
2026-09-29 15:00:16,464 [INFO] Loading the following GLiNER type: <class 'gliner.model.UniEncoderSpanGLiNER'>...
2026-09-29 15:00:16,762 [INFO] HTTP Request: HEAD https://huggingface.co/microsoft/deberta-v3-base/resolve/main/config.json "HTTP/1.1 307 Temporary Redirect"
2026-09-29 15:00:16,762 [WARNING] Warning: You are sending unauthenticated requests to the HF Hub. Please set a HF_TOKEN to enable higher rate limits and faster downloads.
2026-09-29 15:00:16,774 [INFO] HTTP Request: HEAD https://huggingface.co/api/resolve-cache/models/microsoft/deberta-v3-base/8ccc9b6f36199bec6961081d44eb72fb3f7353f3/config.json?%2Fmicrosoft%2Fdeberta-v3-base%2Fresolve%2Fmain%2Fconfig.json=&etag=%22904b7ba900060d5ff61289fb29bee393189716c7%22 "HTTP/1.1 200 OK"
2026-09-29 15:00:17,069 [INFO] HTTP Request: HEAD https://huggingface.co/microsoft/deberta-v3-base/resolve/main/tokenizer_config.json "HTTP/1.1 307 Temporary Redirect"
2026-09-29 15:00:17,081 [INFO] HTTP Request: HEAD https://huggingface.co/api/resolve-cache/models/microsoft/deberta-v3-base/8ccc9b6f36199bec6961081d44eb72fb3f7353f3/tokenizer_config.json?%2Fmicrosoft%2Fdeberta-v3-base%2Fresolve%2Fmain%2Ftokenizer_config.json=&etag=%22acfd94e399c5659e4bed75f91b4ee24b111fc7a6%22 "HTTP/1.1 200 OK"
2026-09-29 15:00:17,336 [INFO] HTTP Request: GET https://huggingface.co/api/models/microsoft/deberta-v3-base/tree/main/additional_chat_templates?recursive=false&expand=false "HTTP/1.1 404 Not Found"
2026-09-29 15:00:17,578 [INFO] HTTP Request: GET https://huggingface.co/api/models/microsoft/deberta-v3-base/tree/main?recursive=true&expand=false "HTTP/1.1 200 OK"
2026-09-29 15:00:18,094 [INFO] HTTP Request: GET https://huggingface.co/api/models/microsoft/deberta-v3-base "HTTP/1.1 200 OK"
2026-09-29 15:00:18,403 [INFO] HTTP Request: HEAD https://huggingface.co/microsoft/deberta-v3-base/resolve/main/config.json "HTTP/1.1 307 Temporary Redirect"
2026-09-29 15:00:18,416 [INFO] HTTP Request: HEAD https://huggingface.co/api/resolve-cache/models/microsoft/deberta-v3-base/8ccc9b6f36199bec6961081d44eb72fb3f7353f3/config.json?%2Fmicrosoft%2Fdeberta-v3-base%2Fresolve%2Fmain%2Fconfig.json=&etag=%22904b7ba900060d5ff61289fb29bee393189716c7%22 "HTTP/1.1 200 OK"
2026-09-29 15:00:21,381 [INFO] EVENT: SYSTEM_BOOT | DETAILS: Edge node initialized successfully with hardware safeguards. | PROOF_HASH: 8d868bdce1a9ace4c1fcaf69cd49d7e079f895bfa887b7c17e6bc5bbacb3d46d
2026-09-29 15:00:32,122 [INFO] HTTP Request: GET https://huggingface.co/api/models/urchade/gliner_mediumv2.1/revision/main "HTTP/1.1 307 Temporary Redirect"
2026-09-29 15:00:32,424 [INFO] HTTP Request: GET https://huggingface.co/api/models/urchade/gliner_medium-v2.1/revision/main "HTTP/1.1 200 OK"
2026-09-29 15:00:32,439 [INFO] Loading the following GLiNER type: <class 'gliner.model.UniEncoderSpanGLiNER'>...
2026-09-29 15:00:32,674 [INFO] HTTP Request: HEAD https://huggingface.co/microsoft/deberta-v3-base/resolve/main/config.json "HTTP/1.1 307 Temporary Redirect"
2026-09-29 15:00:32,675 [WARNING] Warning: You are sending unauthenticated requests to the HF Hub. Please set a HF_TOKEN to enable higher rate limits and faster downloads.
2026-09-29 15:00:32,687 [INFO] HTTP Request: HEAD https://huggingface.co/api/resolve-cache/models/microsoft/deberta-v3-base/8ccc9b6f36199bec6961081d44eb72fb3f7353f3/config.json?%2Fmicrosoft%2Fdeberta-v3-base%2Fresolve%2Fmain%2Fconfig.json=&etag=%22904b7ba900060d5ff61289fb29bee393189716c7%22 "HTTP/1.1 200 OK"
2026-09-29 15:00:32,939 [INFO] HTTP Request: HEAD https://huggingface.co/microsoft/deberta-v3-base/resolve/main/tokenizer_config.json "HTTP/1.1 307 Temporary Redirect"
2026-09-29 15:00:32,955 [INFO] HTTP Request: HEAD https://huggingface.co/api/resolve-cache/models/microsoft/deberta-v3-base/8ccc9b6f36199bec6961081d44eb72fb3f7353f3/tokenizer_config.json?%2Fmicrosoft%2Fdeberta-v3-base%2Fresolve%2Fmain%2Ftokenizer_config.json=&etag=%22acfd94e399c5659e4bed75f91b4ee24b111fc7a6%22 "HTTP/1.1 200 OK"
2026-09-29 15:00:33,249 [INFO] HTTP Request: GET https://huggingface.co/api/models/microsoft/deberta-v3-base/tree/main/additional_chat_templates?recursive=false&expand=false "HTTP/1.1 404 Not Found"
2026-09-29 15:00:33,556 [INFO] HTTP Request: GET https://huggingface.co/api/models/microsoft/deberta-v3-base/tree/main?recursive=true&expand=false "HTTP/1.1 200 OK"
2026-09-29 15:00:34,064 [INFO] HTTP Request: GET https://huggingface.co/api/models/microsoft/deberta-v3-base "HTTP/1.1 200 OK"
2026-09-29 15:00:34,374 [INFO] HTTP Request: HEAD https://huggingface.co/microsoft/deberta-v3-base/resolve/main/config.json "HTTP/1.1 307 Temporary Redirect"
2026-09-29 15:00:34,384 [INFO] HTTP Request: HEAD https://huggingface.co/api/resolve-cache/models/microsoft/deberta-v3-base/8ccc9b6f36199bec6961081d44eb72fb3f7353f3/config.json?%2Fmicrosoft%2Fdeberta-v3-base%2Fresolve%2Fmain%2Fconfig.json=&etag=%22904b7ba900060d5ff61289fb29bee393189716c7%22 "HTTP/1.1 200 OK"
2026-09-29 15:00:36,708 [INFO] EVENT: SYSTEM_BOOT | DETAILS: Edge node initialized successfully with hardware safeguards. | PROOF_HASH: 0a5e2479b2784b802fa4dc12880b5baf45e4540e5c8a71cbbfcc8b0c0547d0d6
2026-09-29 15:00:54,912 [INFO] HTTP Request: GET https://huggingface.co/api/models/urchade/gliner_mediumv2.1/revision/main "HTTP/1.1 307 Temporary Redirect"
2026-09-29 15:00:55,162 [INFO] HTTP Request: GET https://huggingface.co/api/models/urchade/gliner_medium-v2.1/revision/main "HTTP/1.1 200 OK"
2026-09-29 15:00:55,164 [INFO] Loading the following GLiNER type: <class 'gliner.model.UniEncoderSpanGLiNER'>...
2026-09-29 15:00:55,464 [INFO] HTTP Request: HEAD https://huggingface.co/microsoft/deberta-v3-base/resolve/main/config.json "HTTP/1.1 307 Temporary Redirect"
2026-09-29 15:00:55,464 [WARNING] Warning: You are sending unauthenticated requests to the HF Hub. Please set a HF_TOKEN to enable higher rate limits and faster downloads.
2026-09-29 15:00:55,482 [INFO] HTTP Request: HEAD https://huggingface.co/api/resolve-cache/models/microsoft/deberta-v3-base/8ccc9b6f36199bec6961081d44eb72fb3f7353f3/config.json?%2Fmicrosoft%2Fdeberta-v3-base%2Fresolve%2Fmain%2Fconfig.json=&etag=%22904b7ba900060d5ff61289fb29bee393189716c7%22 "HTTP/1.1 200 OK"
2026-09-29 15:00:55,732 [INFO] HTTP Request: HEAD https://huggingface.co/microsoft/deberta-v3-base/resolve/main/tokenizer_config.json "HTTP/1.1 307 Temporary Redirect"
2026-09-29 15:00:55,746 [INFO] HTTP Request: HEAD https://huggingface.co/api/resolve-cache/models/microsoft/deberta-v3-base/8ccc9b6f36199bec6961081d44eb72fb3f7353f3/tokenizer_config.json?%2Fmicrosoft%2Fdeberta-v3-base%2Fresolve%2Fmain%2Ftokenizer_config.json=&etag=%22acfd94e399c5659e4bed75f91b4ee24b111fc7a6%22 "HTTP/1.1 200 OK"
2026-09-29 15:00:56,084 [INFO] HTTP Request: GET https://huggingface.co/api/models/microsoft/deberta-v3-base/tree/main/additional_chat_templates?recursive=false&expand=false "HTTP/1.1 404 Not Found"
2026-09-29 15:00:56,385 [INFO] HTTP Request: GET https://huggingface.co/api/models/microsoft/deberta-v3-base/tree/main?recursive=true&expand=false "HTTP/1.1 200 OK"
2026-09-29 15:00:56,894 [INFO] HTTP Request: GET https://huggingface.co/api/models/microsoft/deberta-v3-base "HTTP/1.1 200 OK"
2026-09-29 15:00:57,212 [INFO] HTTP Request: HEAD https://huggingface.co/microsoft/deberta-v3-base/resolve/main/config.json "HTTP/1.1 307 Temporary Redirect"
2026-09-29 15:00:57,214 [INFO] HTTP Request: HEAD https://huggingface.co/api/resolve-cache/models/microsoft/deberta-v3-base/8ccc9b6f36199bec6961081d44eb72fb3f7353f3/config.json?%2Fmicrosoft%2Fdeberta-v3-base%2Fresolve%2Fmain%2Fconfig.json=&etag=%22904b7ba900060d5ff61289fb29bee393189716c7%22 "HTTP/1.1 200 OK"
2026-09-29 15:00:59,619 [INFO] EVENT: SYSTEM_BOOT | DETAILS: Edge node initialized successfully with hardware safeguards. | PROOF_HASH: 2e7e46e9fbda94590f717aa5f12cc0c6690cac0956367257e30c332aafa3efa9
2026-09-29 15:01:24,380 [INFO] HTTP Request: POST http://127.0.0.1:11434/api/chat "HTTP/1.1 200 OK"
2026-09-29 15:01:24,381 [INFO] EVENT: INFERENCE | DETAILS: Query processed successfully in 12093.34ms | PROOF_HASH: 14e79e723da83e038ba8b0c21948bfcf43f153a297757bf59f2154cdd6cd3682
2026-09-29 15:04:09,539 [INFO] Downloading ms-marco-MiniLM-L-12-v2...
2026-09-29 15:04:16,994 [INFO] HTTP Request: GET https://huggingface.co/api/models/urchade/gliner_mediumv2.1/revision/main "HTTP/1.1 307 Temporary Redirect"
2026-09-29 15:04:17,235 [INFO] HTTP Request: GET https://huggingface.co/api/models/urchade/gliner_medium-v2.1/revision/main "HTTP/1.1 200 OK"
2026-09-29 15:04:17,256 [INFO] Loading the following GLiNER type: <class 'gliner.model.UniEncoderSpanGLiNER'>...
2026-09-29 15:04:17,501 [INFO] HTTP Request: HEAD https://huggingface.co/microsoft/deberta-v3-base/resolve/main/config.json "HTTP/1.1 307 Temporary Redirect"
2026-09-29 15:04:17,501 [WARNING] Warning: You are sending unauthenticated requests to the HF Hub. Please set a HF_TOKEN to enable higher rate limits and faster downloads.
2026-09-29 15:04:17,515 [INFO] HTTP Request: HEAD https://huggingface.co/api/resolve-cache/models/microsoft/deberta-v3-base/8ccc9b6f36199bec6961081d44eb72fb3f7353f3/config.json?%2Fmicrosoft%2Fdeberta-v3-base%2Fresolve%2Fmain%2Fconfig.json=&etag=%22904b7ba900060d5ff61289fb29bee393189716c7%22 "HTTP/1.1 200 OK"
2026-09-29 15:04:17,812 [INFO] HTTP Request: HEAD https://huggingface.co/microsoft/deberta-v3-base/resolve/main/tokenizer_config.json "HTTP/1.1 307 Temporary Redirect"
2026-09-29 15:04:17,828 [INFO] HTTP Request: HEAD https://huggingface.co/api/resolve-cache/models/microsoft/deberta-v3-base/8ccc9b6f36199bec6961081d44eb72fb3f7353f3/tokenizer_config.json?%2Fmicrosoft%2Fdeberta-v3-base%2Fresolve%2Fmain%2Ftokenizer_config.json=&etag=%22acfd94e399c5659e4bed75f91b4ee24b111fc7a6%22 "HTTP/1.1 200 OK"
2026-09-29 15:04:18,119 [INFO] HTTP Request: GET https://huggingface.co/api/models/microsoft/deberta-v3-base/tree/main/additional_chat_templates?recursive=false&expand=false "HTTP/1.1 404 Not Found"
2026-09-29 15:04:18,427 [INFO] HTTP Request: GET https://huggingface.co/api/models/microsoft/deberta-v3-base/tree/main?recursive=true&expand=false "HTTP/1.1 200 OK"
2026-09-29 15:04:18,940 [INFO] HTTP Request: GET https://huggingface.co/api/models/microsoft/deberta-v3-base "HTTP/1.1 200 OK"
2026-09-29 15:04:19,193 [INFO] HTTP Request: HEAD https://huggingface.co/microsoft/deberta-v3-base/resolve/main/config.json "HTTP/1.1 307 Temporary Redirect"
2026-09-29 15:04:19,206 [INFO] HTTP Request: HEAD https://huggingface.co/api/resolve-cache/models/microsoft/deberta-v3-base/8ccc9b6f36199bec6961081d44eb72fb3f7353f3/config.json?%2Fmicrosoft%2Fdeberta-v3-base%2Fresolve%2Fmain%2Fconfig.json=&etag=%22904b7ba900060d5ff61289fb29bee393189716c7%22 "HTTP/1.1 200 OK"
2026-09-29 15:04:23,208 [INFO] EVENT: SYSTEM_BOOT | DETAILS: Edge node initialized successfully with hardware safeguards. | PROOF_HASH: 3780d174f107111c7a6adaa0484d208a6ffa1350a5bc3a5652437e2a5753ce7e
2026-09-29 15:04:43,322 [INFO] EVENT: INGESTION | DETAILS: ID: 8f1882c6-5ccb-4555-b019-c589652acaf0 | Status: Publicly Cleared | Latency: 882.52ms | PROOF_HASH: 7fd0966496e6d3ca2eaa945574c75b9daf7d8992e0ca4a662b5381d229281950
2026-09-29 15:04:54,649 [INFO] HTTP Request: POST http://127.0.0.1:11434/api/chat "HTTP/1.1 200 OK"
2026-09-29 15:04:54,650 [INFO] EVENT: INFERENCE | DETAILS: Query processed successfully in 1134.49ms | PROOF_HASH: ab4020c672e51919476f26b4ff1868b530b3bc12bdeea1f910737219d9a0c2d7
